[LUA-OS-THREAD] Booting Lua VM...
[LAB] Initializing Headless Node on Port 50000...
LOBBY_ID: CC0C
[LUA IO] Booting Visual Weaver in strict linear mode...
[WEAVER] Executing Stage 1: Vulkan Instance
[LUA] Initializing Vulkan Core (Instance Generation)...
[LUA] Validation Layers ENABLED.
[C-CORE] Validation Layer Enforcer Injected Successfully!
[WEAVER] Executing Stage 2: Vulkan Logical Device
[LUA] Resuming Vulkan Setup. Finalizing Logical Device...
[LUA] Dedicated Transfer queue located at index: 5
[LUA] Logical Device Created!
[WEAVER] Executing Stage 3: Memory Arenas Allocation
[WEAVER] Booting DMA Engine & VRAM Allocator...
[MEMORY] Timeline Semaphore forged for Async Transfers.
[MEMORY] ReBAR Supported! Streaming directly to VRAM.
[MEMORY] Allocated & Mapped VRAM Buffer: MASTER_GPU_BLOCK (35.20 MB)
[MEMORY] ReBAR Supported! Streaming directly to VRAM.
[MEMORY] Allocated & Mapped VRAM Buffer: MASTER_INDEX_BLOCK (6.00 MB)
[MEMORY] ReBAR Supported! Streaming directly to VRAM.
[MEMORY] Allocated & Mapped VRAM Buffer: PALETTE_STAGING (0.02 MB)
[MEMORY] Forged GPU Buffer Haven: PALETTE_HAVEN (0.02 MB)
[WEAVER] Strict VRAM Mapping Complete.
[WEAVER] Executing Stage 4: Descriptors Matrix
[DESCRIPTORS] Wiring Master VRAM Arena & Palette Haven...
[DESCRIPTORS] Unified Memory Matrix successfully bound!
[WEAVER] Executing Stage 5: Compute Graph Pipelines
[COMPUTE] Forging 0-Pass Compute Shaders...
[LUA IO] Weaver sequence complete! Unpacking Context...
[LUA IO] Host Bedrock Online. Booting Multiplexer Tenants...
[UI BOOTSTRAP] Booting Tenant 0...
[C-CORE] Async Transfer Overlord Online.
[SWAPCHAIN] Building the display chain...
[SWAPCHAIN] Created successfully with 4 images!
[RENDERER] Forging Synchronization Primitives...
[C-CORE] Tenant 0: Render pool and 3x command buffers allocated.
[C-CORE] Tenant 0: Transfer pool, buffer, and fence allocated.
[GRAPHICS] Building Reverse-Z Depth Buffer and Shader Modules...
[UI BOOTSTRAP] Booting Tenant 1...
[SWAPCHAIN] Building the display chain...
[SWAPCHAIN] Created successfully with 4 images!
[RENDERER] Forging Synchronization Primitives...
[C-CORE] Tenant 1: Render pool and 3x command buffers allocated.
[C-CORE] Tenant 1: Transfer pool, buffer, and fence allocated.
[GRAPHICS] Building Reverse-Z Depth Buffer and Shader Modules...
[UI BOOTSTRAP] Booting Tenant 2...
[SWAPCHAIN] Building the display chain...
[SWAPCHAIN] Created successfully with 4 images!
[RENDERER] Forging Synchronization Primitives...
[C-CORE] Tenant 2: Render pool and 3x command buffers allocated.
[C-CORE] Tenant 2: Transfer pool, buffer, and fence allocated.
[GRAPHICS] Building Reverse-Z Depth Buffer and Shader Modules...
[UI BOOTSTRAP] Booting Tenant 3...
[SWAPCHAIN] Building the display chain...
[SWAPCHAIN] Created successfully with 4 images!
[RENDERER] Forging Synchronization Primitives...
[C-CORE] Tenant 3: Render pool and 3x command buffers allocated.
[C-CORE] Tenant 3: Transfer pool, buffer, and fence allocated.
[GRAPHICS] Building Reverse-Z Depth Buffer and Shader Modules...
[LUA CO] Initializing VRAM Index Buffer...
[TRANSFER] Job dispatched: PALETTE_STAGING -> PALETTE_HAVEN (Target Timeline: 1)
[NET] Visual Scene loaded. Cameras unlocked.
[HEARTBEAT] Node: 0 | Tick:    61 | Conf:     0 | Hash: 0xB39E4985 | Rollbacks:  0 (Resim:   0) | Stalls:  0
[HEARTBEAT] Node: 0 | Tick:    61 | Conf:     0 | Hash: 0xB39E4985 | Rollbacks:  0 (Resim:   0) | Stalls: 52
[HEARTBEAT] Node: 0 | Tick:    61 | Conf:     0 | Hash: 0xB39E4985 | Rollbacks:  0 (Resim:   0) | Stalls: 53
[HEARTBEAT] Node: 0 | Tick:    61 | Conf:     0 | Hash: 0xB39E4985 | Rollbacks:  0 (Resim:   0) | Stalls: 55
[HEARTBEAT] Node: 0 | Tick:    61 | Conf:     0 | Hash: 0xB39E4985 | Rollbacks:  0 (Resim:   0) | Stalls: 54
[HEARTBEAT] Node: 0 | Tick:    61 | Conf:     0 | Hash: 0xB39E4985 | Rollbacks:  0 (Resim:   0) | Stalls: 54
[HEARTBEAT] Node: 0 | Tick:    61 | Conf:     0 | Hash: 0xB39E4985 | Rollbacks:  0 (Resim:   0) | Stalls: 53
[TEARDOWN] Destroying Graphics Pipelines, Depth Buffer & ID Buffer...
[TEARDOWN] Dismantling Renderer Sync Objects...
[SWAPCHAIN] Building the display chain...
[SWAPCHAIN] Created successfully with 4 images!
[GRAPHICS] Building Reverse-Z Depth Buffer and Shader Modules...
[RENDERER] Forging Synchronization Primitives...
[TEARDOWN] Destroying Graphics Pipelines, Depth Buffer & ID Buffer...
[TEARDOWN] Dismantling Renderer Sync Objects...
[SWAPCHAIN] Building the display chain...
[SWAPCHAIN] Created successfully with 4 images!
[GRAPHICS] Building Reverse-Z Depth Buffer and Shader Modules...
[RENDERER] Forging Synchronization Primitives...
[HEARTBEAT] Node: 0 | Tick:    61 | Conf:     0 | Hash: 0xB39E4985 | Rollbacks:  0 (Resim:   0) | Stalls: 51
[TEARDOWN] Destroying Graphics Pipelines, Depth Buffer & ID Buffer...
[TEARDOWN] Dismantling Renderer Sync Objects...
[SWAPCHAIN] Building the display chain...
[SWAPCHAIN] Created successfully with 4 images!
[GRAPHICS] Building Reverse-Z Depth Buffer and Shader Modules...
[RENDERER] Forging Synchronization Primitives...
[TEARDOWN] Destroying Graphics Pipelines, Depth Buffer & ID Buffer...
[TEARDOWN] Dismantling Renderer Sync Objects...
[SWAPCHAIN] Building the display chain...
[SWAPCHAIN] Created successfully with 4 images!
[GRAPHICS] Building Reverse-Z Depth Buffer and Shader Modules...
[RENDERER] Forging Synchronization Primitives...
[TEARDOWN] Destroying Graphics Pipelines, Depth Buffer & ID Buffer...
[TEARDOWN] Dismantling Renderer Sync Objects...
[SWAPCHAIN] Building the display chain...
[SWAPCHAIN] Created successfully with 4 images!
[GRAPHICS] Building Reverse-Z Depth Buffer and Shader Modules...
[RENDERER] Forging Synchronization Primitives...
[TEARDOWN] Destroying Graphics Pipelines, Depth Buffer & ID Buffer...
[TEARDOWN] Dismantling Renderer Sync Objects...
[SWAPCHAIN] Building the display chain...
[SWAPCHAIN] Created successfully with 4 images!
[GRAPHICS] Building Reverse-Z Depth Buffer and Shader Modules...
[RENDERER] Forging Synchronization Primitives...
[TEARDOWN] Destroying Graphics Pipelines, Depth Buffer & ID Buffer...
[TEARDOWN] Dismantling Renderer Sync Objects...
[SWAPCHAIN] Building the display chain...
[SWAPCHAIN] Created successfully with 4 images!
[GRAPHICS] Building Reverse-Z Depth Buffer and Shader Modules...
[RENDERER] Forging Synchronization Primitives...
[HEARTBEAT] Node: 0 | Tick:    61 | Conf:     0 | Hash: 0xB39E4985 | Rollbacks:  0 (Resim:   0) | Stalls: 41
[HEARTBEAT] Node: 0 | Tick:    61 | Conf:     0 | Hash: 0xB39E4985 | Rollbacks:  0 (Resim:   0) | Stalls: 54
[HEARTBEAT] Node: 0 | Tick:    61 | Conf:     0 | Hash: 0xB39E4985 | Rollbacks:  0 (Resim:   0) | Stalls: 54
[HEARTBEAT] Node: 0 | Tick:    61 | Conf:     0 | Hash: 0xB39E4985 | Rollbacks:  0 (Resim:   0) | Stalls: 53
[HEARTBEAT] Node: 0 | Tick:    61 | Conf:     0 | Hash: 0xB39E4985 | Rollbacks:  0 (Resim:   0) | Stalls: 54
[HEARTBEAT] Node: 0 | Tick:    61 | Conf:     0 | Hash: 0xB39E4985 | Rollbacks:  0 (Resim:   0) | Stalls: 53
[TEARDOWN] Destroying Graphics Pipelines, Depth Buffer & ID Buffer...
[TEARDOWN] Dismantling Renderer Sync Objects...
[TEARDOWN] Destroying Swapchain & Image Views...
[TEARDOWN] Destroying Graphics Pipelines, Depth Buffer & ID Buffer...
[TEARDOWN] Dismantling Renderer Sync Objects...
[TEARDOWN] Destroying Swapchain & Image Views...
[HEARTBEAT] Node: 0 | Tick:    61 | Conf:     0 | Hash: 0xB39E4985 | Rollbacks:  0 (Resim:   0) | Stalls: 49
[TEARDOWN] Destroying Graphics Pipelines, Depth Buffer & ID Buffer...
[TEARDOWN] Dismantling Renderer Sync Objects...
[TEARDOWN] Destroying Swapchain & Image Views...
[HEARTBEAT] Node: 0 | Tick:    61 | Conf:     0 | Hash: 0xB39E4985 | Rollbacks:  0 (Resim:   0) | Stalls: 55
[TEARDOWN] Destroying Graphics Pipelines, Depth Buffer & ID Buffer...
[TEARDOWN] Dismantling Renderer Sync Objects...
[TEARDOWN] Destroying Swapchain & Image Views...
[C-CORE] Async Transfer Thread gracefully terminated.

[LUA IO] Render Loop Terminated. Commencing Teardown...
[LUA IO] Waiting for C-Core Render Multiplexer to acknowledge teardown...
[LUA IO] Absolute C-Core Idle Confirmed.
[C-CORE] Async Threads joined, Devices idled, Ring Purged, and Pools/Fences destroyed.
[TEARDOWN] Dismantling Compute Graph Pipelines...
[TEARDOWN] Deconstructing Descriptors...
[TEARDOWN] Timeline Semaphore destroyed.
[TEARDOWN] Shutting down Vulkan Core...
[TEARDOWN] Dismantling Network Core...
[LUA IO] Teardown Complete. Safe Exit.
[LUA-OS-THREAD] VM Destroyed.
